Archive member included to satisfy reference by file (symbol)

d:/program files (x86)/atmel/studio/7.0/toolchain/avr8/avr8-gnu-toolchain/bin/../lib/gcc/avr/5.4.0/avr25/tiny-stack\libgcc.a(_exit.o)
                              D:/Program Files (x86)/Atmel/Studio/7.0/Packs/atmel/ATtiny_DFP/1.3.172/gcc/dev/attiny25/avr25/tiny-stack/crtattiny25.o (exit)

Discarded input sections

 .data          0x00000000        0x0 D:/Program Files (x86)/Atmel/Studio/7.0/Packs/atmel/ATtiny_DFP/1.3.172/gcc/dev/attiny25/avr25/tiny-stack/crtattiny25.o
 .bss           0x00000000        0x0 D:/Program Files (x86)/Atmel/Studio/7.0/Packs/atmel/ATtiny_DFP/1.3.172/gcc/dev/attiny25/avr25/tiny-stack/crtattiny25.o
 .text          0x00000000        0x0 main.o
 .data          0x00000000        0x0 main.o
 .bss           0x00000000        0x0 main.o
 .text._Z13i2c_rep_starth
                0x00000000       0x24 main.o
 .text._Z14i2c_start_waith
                0x00000000       0x2a main.o
 .text._Z8i2c_readb
                0x00000000       0x6c main.o
 .text._Z14movement_mid_hv
                0x00000000        0x6 main.o
 .text._Z14movement_mid_lv
                0x00000000        0x4 main.o
 .text._Z17movement_activatev
                0x00000000        0x6 main.o
 .text._Z19movement_phase_1_onv
                0x00000000        0x4 main.o
 .text._Z20movement_phase_1_offv
                0x00000000        0x4 main.o
 .text._Z19movement_phase_2_onv
                0x00000000        0x4 main.o
 .text._Z20movement_phase_2_offv
                0x00000000        0x4 main.o
 .text._Z13movement_idlev
                0x00000000        0x6 main.o
 .text._Z18rx8900_fout_1KHz_xv
                0x00000000        0xc main.o
 .text._Z17rx8900_ex_reg_seth
                0x00000000        0x8 main.o
 .text._Z15rx8900_fout_1Hzv
                0x00000000        0x6 main.o
 .text._Z17rx8900_fout_32KHzv
                0x00000000        0x6 main.o
 .text._Z14rx8900_set_intv
                0x00000000        0x6 main.o
 .text._Z11rx8900_initv
                0x00000000        0x4 main.o
 .text._Z12rx8900_setupv
                0x00000000        0x4 main.o
 .text._Z7sleep1sv
                0x00000000        0xe main.o
 .text._Z13sleepUntilISRv
                0x00000000       0x12 main.o
 .text          0x00000000        0x0 RX8900.o
 .data          0x00000000        0x0 RX8900.o
 .bss           0x00000000        0x0 RX8900.o
 .debug_line    0x00000000        0x0 RX8900.o
 .debug_str     0x00000000      0x13f RX8900.o
 .comment       0x00000000       0x31 RX8900.o
 .text          0x00000000        0x0 d:/program files (x86)/atmel/studio/7.0/toolchain/avr8/avr8-gnu-toolchain/bin/../lib/gcc/avr/5.4.0/avr25/tiny-stack\libgcc.a(_exit.o)
 .data          0x00000000        0x0 d:/program files (x86)/atmel/studio/7.0/toolchain/avr8/avr8-gnu-toolchain/bin/../lib/gcc/avr/5.4.0/avr25/tiny-stack\libgcc.a(_exit.o)
 .bss           0x00000000        0x0 d:/program files (x86)/atmel/studio/7.0/toolchain/avr8/avr8-gnu-toolchain/bin/../lib/gcc/avr/5.4.0/avr25/tiny-stack\libgcc.a(_exit.o)
 .text.libgcc.mul
                0x00000000        0x0 d:/program files (x86)/atmel/studio/7.0/toolchain/avr8/avr8-gnu-toolchain/bin/../lib/gcc/avr/5.4.0/avr25/tiny-stack\libgcc.a(_exit.o)
 .text.libgcc.div
                0x00000000        0x0 d:/program files (x86)/atmel/studio/7.0/toolchain/avr8/avr8-gnu-toolchain/bin/../lib/gcc/avr/5.4.0/avr25/tiny-stack\libgcc.a(_exit.o)
 .text.libgcc   0x00000000        0x0 d:/program files (x86)/atmel/studio/7.0/toolchain/avr8/avr8-gnu-toolchain/bin/../lib/gcc/avr/5.4.0/avr25/tiny-stack\libgcc.a(_exit.o)
 .text.libgcc.prologue
                0x00000000        0x0 d:/program files (x86)/atmel/studio/7.0/toolchain/avr8/avr8-gnu-toolchain/bin/../lib/gcc/avr/5.4.0/avr25/tiny-stack\libgcc.a(_exit.o)
 .text.libgcc.builtins
                0x00000000        0x0 d:/program files (x86)/atmel/studio/7.0/toolchain/avr8/avr8-gnu-toolchain/bin/../lib/gcc/avr/5.4.0/avr25/tiny-stack\libgcc.a(_exit.o)
 .text.libgcc.fmul
                0x00000000        0x0 d:/program files (x86)/atmel/studio/7.0/toolchain/avr8/avr8-gnu-toolchain/bin/../lib/gcc/avr/5.4.0/avr25/tiny-stack\libgcc.a(_exit.o)
 .text.libgcc.fixed
                0x00000000        0x0 d:/program files (x86)/atmel/studio/7.0/toolchain/avr8/avr8-gnu-toolchain/bin/../lib/gcc/avr/5.4.0/avr25/tiny-stack\libgcc.a(_exit.o)

Memory Configuration

Name             Origin             Length             Attributes
text             0x00000000         0x00002000         xr
data             0x00800060         0x0000ffa0         rw !x
eeprom           0x00810000         0x00010000         rw !x
fuse             0x00820000         0x00000003         rw !x
lock             0x00830000         0x00000400         rw !x
signature        0x00840000         0x00000400         rw !x
user_signatures  0x00850000         0x00000400         rw !x
*default*        0x00000000         0xffffffff

Linker script and memory map

LOAD D:/Program Files (x86)/Atmel/Studio/7.0/Packs/atmel/ATtiny_DFP/1.3.172/gcc/dev/attiny25/avr25/tiny-stack/crtattiny25.o
LOAD main.o
LOAD RX8900.o
START GROUP
LOAD d:/program files (x86)/atmel/studio/7.0/toolchain/avr8/avr8-gnu-toolchain/bin/../lib/gcc/avr/5.4.0/../../../../avr/lib/avr25/tiny-stack\libm.a
END GROUP
LOAD d:/program files (x86)/atmel/studio/7.0/toolchain/avr8/avr8-gnu-toolchain/bin/../lib/gcc/avr/5.4.0/avr25/tiny-stack\libgcc.a
LOAD d:/program files (x86)/atmel/studio/7.0/toolchain/avr8/avr8-gnu-toolchain/bin/../lib/gcc/avr/5.4.0/../../../../avr/lib/avr25/tiny-stack\libm.a
START GROUP
LOAD d:/program files (x86)/atmel/studio/7.0/toolchain/avr8/avr8-gnu-toolchain/bin/../lib/gcc/avr/5.4.0/avr25/tiny-stack\libgcc.a
LOAD d:/program files (x86)/atmel/studio/7.0/toolchain/avr8/avr8-gnu-toolchain/bin/../lib/gcc/avr/5.4.0/../../../../avr/lib/avr25/tiny-stack\libm.a
LOAD d:/program files (x86)/atmel/studio/7.0/toolchain/avr8/avr8-gnu-toolchain/bin/../lib/gcc/avr/5.4.0/../../../../avr/lib/avr25/tiny-stack\libc.a
LOAD D:/Program Files (x86)/Atmel/Studio/7.0/Packs/atmel/ATtiny_DFP/1.3.172/gcc/dev/attiny25/avr25/tiny-stack\libattiny25.a
END GROUP
                0x00000000                __TEXT_REGION_ORIGIN__ = DEFINED (__TEXT_REGION_ORIGIN__)?__TEXT_REGION_ORIGIN__:0x0
                0x00800060                __DATA_REGION_ORIGIN__ = DEFINED (__DATA_REGION_ORIGIN__)?__DATA_REGION_ORIGIN__:0x800060
                0x00002000                __TEXT_REGION_LENGTH__ = DEFINED (__TEXT_REGION_LENGTH__)?__TEXT_REGION_LENGTH__:0x2000
                0x0000ffa0                __DATA_REGION_LENGTH__ = DEFINED (__DATA_REGION_LENGTH__)?__DATA_REGION_LENGTH__:0xffa0
                0x00010000                __EEPROM_REGION_LENGTH__ = DEFINED (__EEPROM_REGION_LENGTH__)?__EEPROM_REGION_LENGTH__:0x10000
                [0x00000003]                __FUSE_REGION_LENGTH__ = DEFINED (__FUSE_REGION_LENGTH__)?__FUSE_REGION_LENGTH__:0x400
                0x00000400                __LOCK_REGION_LENGTH__ = DEFINED (__LOCK_REGION_LENGTH__)?__LOCK_REGION_LENGTH__:0x400
                0x00000400                __SIGNATURE_REGION_LENGTH__ = DEFINED (__SIGNATURE_REGION_LENGTH__)?__SIGNATURE_REGION_LENGTH__:0x400
                0x00000400                __USER_SIGNATURE_REGION_LENGTH__ = DEFINED (__USER_SIGNATURE_REGION_LENGTH__)?__USER_SIGNATURE_REGION_LENGTH__:0x400

.hash
 *(.hash)

.dynsym
 *(.dynsym)

.dynstr
 *(.dynstr)

.gnu.version
 *(.gnu.version)

.gnu.version_d
 *(.gnu.version_d)

.gnu.version_r
 *(.gnu.version_r)

.rel.init
 *(.rel.init)

.rela.init
 *(.rela.init)

.rel.text
 *(.rel.text)
 *(.rel.text.*)
 *(.rel.gnu.linkonce.t*)

.rela.text
 *(.rela.text)
 *(.rela.text.*)
 *(.rela.gnu.linkonce.t*)

.rel.fini
 *(.rel.fini)

.rela.fini
 *(.rela.fini)

.rel.rodata
 *(.rel.rodata)
 *(.rel.rodata.*)
 *(.rel.gnu.linkonce.r*)

.rela.rodata
 *(.rela.rodata)
 *(.rela.rodata.*)
 *(.rela.gnu.linkonce.r*)

.rel.data
 *(.rel.data)
 *(.rel.data.*)
 *(.rel.gnu.linkonce.d*)

.rela.data
 *(.rela.data)
 *(.rela.data.*)
 *(.rela.gnu.linkonce.d*)

.rel.ctors
 *(.rel.ctors)

.rela.ctors
 *(.rela.ctors)

.rel.dtors
 *(.rel.dtors)

.rela.dtors
 *(.rela.dtors)

.rel.got
 *(.rel.got)

.rela.got
 *(.rela.got)

.rel.bss
 *(.rel.bss)

.rela.bss
 *(.rela.bss)

.rel.plt
 *(.rel.plt)

.rela.plt
 *(.rela.plt)

.text           0x00000000      0x1aa
 *(.vectors)
 .vectors       0x00000000       0x1e D:/Program Files (x86)/Atmel/Studio/7.0/Packs/atmel/ATtiny_DFP/1.3.172/gcc/dev/attiny25/avr25/tiny-stack/crtattiny25.o
                0x00000000                __vector_default
                0x00000000                __vectors
 *(.vectors)
 *(.progmem.gcc*)
                0x0000001e                . = ALIGN (0x2)
                0x0000001e                __trampolines_start = .
 *(.trampolines)
 .trampolines   0x0000001e        0x0 linker stubs
 *(.trampolines*)
                0x0000001e                __trampolines_end = .
 *libprintf_flt.a:*(.progmem.data)
 *libc.a:*(.progmem.data)
 *(.progmem*)
                0x0000001e                . = ALIGN (0x2)
 *(.jumptables)
 *(.jumptables*)
 *(.lowtext)
 *(.lowtext*)
                0x0000001e                __ctors_start = .
 *(.ctors)
                0x0000001e                __ctors_end = .
                0x0000001e                __dtors_start = .
 *(.dtors)
                0x0000001e                __dtors_end = .
 SORT(*)(.ctors)
 SORT(*)(.dtors)
 *(.init0)
 .init0         0x0000001e        0x0 D:/Program Files (x86)/Atmel/Studio/7.0/Packs/atmel/ATtiny_DFP/1.3.172/gcc/dev/attiny25/avr25/tiny-stack/crtattiny25.o
                0x0000001e                __init
 *(.init0)
 *(.init1)
 *(.init1)
 *(.init2)
 .init2         0x0000001e        0x8 D:/Program Files (x86)/Atmel/Studio/7.0/Packs/atmel/ATtiny_DFP/1.3.172/gcc/dev/attiny25/avr25/tiny-stack/crtattiny25.o
 *(.init2)
 *(.init3)
 *(.init3)
 *(.init4)
 *(.init4)
 *(.init5)
 *(.init5)
 *(.init6)
 *(.init6)
 *(.init7)
 *(.init7)
 *(.init8)
 *(.init8)
 *(.init9)
 .init9         0x00000026        0x4 D:/Program Files (x86)/Atmel/Studio/7.0/Packs/atmel/ATtiny_DFP/1.3.172/gcc/dev/attiny25/avr25/tiny-stack/crtattiny25.o
 *(.init9)
 *(.text)
 .text          0x0000002a        0x2 D:/Program Files (x86)/Atmel/Studio/7.0/Packs/atmel/ATtiny_DFP/1.3.172/gcc/dev/attiny25/avr25/tiny-stack/crtattiny25.o
                0x0000002a                __bad_interrupt
                0x0000002a                __vector_6
                0x0000002a                __vector_3
                0x0000002a                __vector_11
                0x0000002a                __vector_13
                0x0000002a                __vector_7
                0x0000002a                __vector_5
                0x0000002a                __vector_4
                0x0000002a                __vector_9
                0x0000002a                __vector_8
                0x0000002a                __vector_14
                0x0000002a                __vector_10
                0x0000002c                . = ALIGN (0x2)
 *(.text.*)
 .text.ass_i2c_delay_half
                0x0000002c        0xa main.o
                0x0000002c                ass_i2c_delay_half
 .text.ass_i2c_wait_scl_high
                0x00000036        0xa main.o
                0x00000036                ass_i2c_wait_scl_high
 .text._Z8i2c_initv
                0x00000040       0x1c main.o
                0x00000040                _Z8i2c_initv
 .text._Z9i2c_starth
                0x0000005c       0x12 main.o
                0x0000005c                _Z9i2c_starth
 .text.ass_i2c_stop
                0x0000006e       0x1c main.o
                0x0000006e                ass_i2c_stop
 .text.ass_i2c_write
                0x0000008a       0x74 main.o
                0x0000008a                ass_i2c_write
 .text._Z15movement_mid_onh
                0x000000fe        0x8 main.o
                0x000000fe                _Z15movement_mid_onh
 .text._Z16movement_mid_offv
                0x00000106        0x6 main.o
                0x00000106                _Z16movement_mid_offv
 .text._Z14rx8900_reg_sethh
                0x0000010c       0x1c main.o
                0x0000010c                _Z14rx8900_reg_sethh
 .text._Z21rx8900_fixed_timer_gov
                0x00000128       0x1a main.o
                0x00000128                _Z21rx8900_fixed_timer_gov
 .text.__vector_12
                0x00000142        0x2 main.o
                0x00000142                __vector_12
 .text.__vector_2
                0x00000144        0x2 main.o
                0x00000144                __vector_2
 .text.__vector_1
                0x00000146        0x2 main.o
                0x00000146                __vector_1
 .text._Z9sleep16msv
                0x00000148        0xe main.o
                0x00000148                _Z9sleep16msv
 .text._Z9sleep32msv
                0x00000156        0xe main.o
                0x00000156                _Z9sleep32msv
 .text._Z5setupv
                0x00000164       0x20 main.o
                0x00000164                _Z5setupv
 .text.main     0x00000184       0x22 main.o
                0x00000184                main
                0x000001a6                . = ALIGN (0x2)
 *(.fini9)
 .fini9         0x000001a6        0x0 d:/program files (x86)/atmel/studio/7.0/toolchain/avr8/avr8-gnu-toolchain/bin/../lib/gcc/avr/5.4.0/avr25/tiny-stack\libgcc.a(_exit.o)
                0x000001a6                _exit
                0x000001a6                exit
 *(.fini9)
 *(.fini8)
 *(.fini8)
 *(.fini7)
 *(.fini7)
 *(.fini6)
 *(.fini6)
 *(.fini5)
 *(.fini5)
 *(.fini4)
 *(.fini4)
 *(.fini3)
 *(.fini3)
 *(.fini2)
 *(.fini2)
 *(.fini1)
 *(.fini1)
 *(.fini0)
 .fini0         0x000001a6        0x4 d:/program files (x86)/atmel/studio/7.0/toolchain/avr8/avr8-gnu-toolchain/bin/../lib/gcc/avr/5.4.0/avr25/tiny-stack\libgcc.a(_exit.o)
 *(.fini0)
                0x000001aa                _etext = .

.data           0x00800060        0x0 load address 0x000001aa
                [!provide]                PROVIDE (__data_start, .)
 *(.data)
 *(.data*)
 *(.gnu.linkonce.d*)
 *(.rodata)
 *(.rodata*)
 *(.gnu.linkonce.r*)
                0x00800060                . = ALIGN (0x2)
                0x00800060                _edata = .
                [!provide]                PROVIDE (__data_end, .)

.bss            0x00800060        0x0
                [!provide]                PROVIDE (__bss_start, .)
 *(.bss)
 *(.bss*)
 *(COMMON)
                [!provide]                PROVIDE (__bss_end, .)
                0x000001aa                __data_load_start = LOADADDR (.data)
                0x000001aa                __data_load_end = (__data_load_start + SIZEOF (.data))

.noinit         0x00800060        0x0
                [!provide]                PROVIDE (__noinit_start, .)
 *(.noinit*)
                [!provide]                PROVIDE (__noinit_end, .)
                0x00800060                _end = .
                [!provide]                PROVIDE (__heap_start, .)

.eeprom         0x00810000        0x0
 *(.eeprom*)
                0x00810000                __eeprom_end = .

.fuse
 *(.fuse)
 *(.lfuse)
 *(.hfuse)
 *(.efuse)

.lock
 *(.lock*)

.signature
 *(.signature*)

.user_signatures
 *(.user_signatures*)

.stab
 *(.stab)

.stabstr
 *(.stabstr)

.stab.excl
 *(.stab.excl)

.stab.exclstr
 *(.stab.exclstr)

.stab.index
 *(.stab.index)

.stab.indexstr
 *(.stab.indexstr)

.comment        0x00000000       0x30
 *(.comment)
 .comment       0x00000000       0x30 main.o
                                 0x31 (size before relaxing)

.note.gnu.avr.deviceinfo
                0x00000000       0x3c
 .note.gnu.avr.deviceinfo
                0x00000000       0x3c D:/Program Files (x86)/Atmel/Studio/7.0/Packs/atmel/ATtiny_DFP/1.3.172/gcc/dev/attiny25/avr25/tiny-stack/crtattiny25.o

.note.gnu.build-id
 *(.note.gnu.build-id)

.debug
 *(.debug)

.line
 *(.line)

.debug_srcinfo
 *(.debug_srcinfo)

.debug_sfnames
 *(.debug_sfnames)

.debug_aranges  0x00000000      0x140
 *(.debug_aranges)
 .debug_aranges
                0x00000000      0x140 main.o

.debug_pubnames
 *(.debug_pubnames)

.debug_info     0x00000000      0xbb6
 *(.debug_info .gnu.linkonce.wi.*)
 .debug_info    0x00000000      0x420 D:/Program Files (x86)/Atmel/Studio/7.0/Packs/atmel/ATtiny_DFP/1.3.172/gcc/dev/attiny25/avr25/tiny-stack/crtattiny25.o
 .debug_info    0x00000420      0x796 main.o

.debug_abbrev   0x00000000      0x633
 *(.debug_abbrev)
 .debug_abbrev  0x00000000      0x3e8 D:/Program Files (x86)/Atmel/Studio/7.0/Packs/atmel/ATtiny_DFP/1.3.172/gcc/dev/attiny25/avr25/tiny-stack/crtattiny25.o
 .debug_abbrev  0x000003e8      0x24b main.o

.debug_line     0x00000000      0x672
 *(.debug_line .debug_line.* .debug_line_end)
 .debug_line    0x00000000       0xe8 D:/Program Files (x86)/Atmel/Studio/7.0/Packs/atmel/ATtiny_DFP/1.3.172/gcc/dev/attiny25/avr25/tiny-stack/crtattiny25.o
 .debug_line    0x000000e8      0x58a main.o

.debug_frame    0x00000000      0x270
 *(.debug_frame)
 .debug_frame   0x00000000      0x270 main.o

.debug_str      0x00000000      0x79b
 *(.debug_str)
 .debug_str     0x00000000      0x16a D:/Program Files (x86)/Atmel/Studio/7.0/Packs/atmel/ATtiny_DFP/1.3.172/gcc/dev/attiny25/avr25/tiny-stack/crtattiny25.o
 .debug_str     0x0000016a      0x631 main.o
                                0x69f (size before relaxing)

.debug_loc      0x00000000      0x177
 *(.debug_loc)
 .debug_loc     0x00000000      0x177 main.o

.debug_macinfo
 *(.debug_macinfo)

.debug_weaknames
 *(.debug_weaknames)

.debug_funcnames
 *(.debug_funcnames)

.debug_typenames
 *(.debug_typenames)

.debug_varnames
 *(.debug_varnames)

.debug_pubtypes
 *(.debug_pubtypes)

.debug_ranges   0x00000000      0x130
 *(.debug_ranges)
 .debug_ranges  0x00000000      0x130 main.o

.debug_macro
 *(.debug_macro)
OUTPUT(DayMoonYearMovement.elf elf32-avr)
LOAD linker stubs
